// Jest Snapshot v1, https://goo.gl/fbAQLP

exports[`LaunchCountdownTimer testing... Snapshot testing 1`] = `
<DocumentFragment>
  <header>
    <h1>
      WE'RE LAUNCHING SOON
    </h1>
  </header>
  <main>
    <div
      class="digit"
    >
      <div
        class="box"
      >
        <div
          class="top"
        >
          <p>
            21
          </p>
        </div>
        <div
          class="middle"
        >
          <div
            class="front"
          >
            <p>
              21
            </p>
          </div>
          <div
            class="back"
          >
            <p>
              21
            </p>
          </div>
        </div>
        <div
          class="bottom"
        >
          <p>
            21
          </p>
        </div>
      </div>
      <div
        class="label"
      >
        <p>
          days
        </p>
      </div>
    </div>
    <div
      class="digit"
    >
      <div
        class="box"
      >
        <div
          class="top"
        >
          <p>
            18
          </p>
        </div>
        <div
          class="middle"
        >
          <div
            class="front"
          >
            <p>
              18
            </p>
          </div>
          <div
            class="back"
          >
            <p>
              18
            </p>
          </div>
        </div>
        <div
          class="bottom"
        >
          <p>
            18
          </p>
        </div>
      </div>
      <div
        class="label"
      >
        <p>
          hours
        </p>
      </div>
    </div>
    <div
      class="digit"
    >
      <div
        class="box"
      >
        <div
          class="top"
        >
          <p>
            19
          </p>
        </div>
        <div
          class="middle"
        >
          <div
            class="front"
          >
            <p>
              19
            </p>
          </div>
          <div
            class="back"
          >
            <p>
              19
            </p>
          </div>
        </div>
        <div
          class="bottom"
        >
          <p>
            19
          </p>
        </div>
      </div>
      <div
        class="label"
      >
        <p>
          minuts
        </p>
      </div>
    </div>
    <div
      class="digit"
    >
      <div
        class="box"
      >
        <div
          class="top"
        >
          <p>
            07
          </p>
        </div>
        <div
          class="middle"
        >
          <div
            class="front"
          >
            <p>
              07
            </p>
          </div>
          <div
            class="back"
          >
            <p>
              07
            </p>
          </div>
        </div>
        <div
          class="bottom"
        >
          <p>
            07
          </p>
        </div>
      </div>
      <div
        class="label"
      >
        <p>
          seconds
        </p>
      </div>
    </div>
  </main>
  <footer>
    <ul>
      <li>
        <a
          aria-label="facebook link"
          href=""
          rel="noreferrer"
          target="_blank"
        >
          <div />
        </a>
      </li>
      <li>
        <a
          aria-label="pinterest link"
          href=""
          rel="noreferrer"
          target="_blank"
        >
          <div />
        </a>
      </li>
      <li>
        <a
          aria-label="instagram link"
          href=""
          rel="noreferrer"
          target="_blank"
        >
          <div />
        </a>
      </li>
    </ul>
  </footer>
  <div
    id="background"
  >
    <img
      alt="bg-stars"
      src="/"
    />
    <img
      alt="bg-hills"
      src="/"
    />
  </div>
</DocumentFragment>
`;
